---
source: src/db_ex/db_test.rs
expression: "[serialize(i), serialize(&ret)]"
---
[
    Object {
        "accounts": Array [
            Number(17682318111),
            Number(17681951111),
        ],
        "id": String("app:[UID]"),
        "name": String("adf"),
        "opt_name": Null,
    },
    Array [
        Object {
            "id": String("app:[UID]"),
            "name": String("adf"),
        },
    ],
]
