---
source: src/db_ex/db_test.rs
expression: "IntoValue::into(i)"
---
Array(
    Array(
        [
            Object(
                Object(
                    {
                        "accounts": Array(
                            Array(
                                [
                                    Number(
                                        Int(
                                            17682318111,
                                        ),
                                    ),
                                    Number(
                                        Int(
                                            17681951111,
                                        ),
                                    ),
                                ],
                            ),
                        ),
                        "id": Strand(
                            Strand(
                                "app:[UID]",
                            ),
                        ),
                        "name": Strand(
                            Strand(
                                "adf",
                            ),
                        ),
                        "opt_name": None,
                    },
                ),
            ),
        ],
    ),
)
