---
source: src/relate_ex.rs
expression: v
---
Ok(
    [
        Relation {
            id: Thing {
                tb: "identity",
                id: String(
                    "rcw1zve4i6uy9zmso575",
                ),
            },
            from: Thing {
                tb: "mobile",
                id: Number(
                    123,
                ),
            },
            with: Thing {
                tb: "account",
                id: String(
                    "hz",
                ),
            },
        },
    ],
)
